[backblue.gif]
[fade.gif]
[index.html]
[192.168.1.5/dspdjelfa/feed/index.html]
[192.168.1.5/dspdjelfa/comments/feed/index.html]
[192.168.1.5/dspdjelfa/wp-includes/js/jquery/jquery.minf43b.js]
[192.168.1.5/dspdjelfa/wp-includes/js/jquery/jquery-migrate.min5589.js]
[192.168.1.5/dspdjelfa/wp-json/index.html]
[192.168.1.5/dspdjelfa/wp-json/wp/v2/pages/454.json]
[192.168.1.5/dspdjelfa/xmlrpc0db0.php]
[192.168.1.5/dspdjelfa/wp-json/oembed/1.0/embedee21.json]
[192.168.1.5/dspdjelfa/wp-json/oembed/1.0/embed5098]
[192.168.1.5/dspdjelfa/wp-content/uploads/2024/03/Logo-4.png]
[192.168.1.5/dspdjelfa/wp-content/uploads/2024/05/306493940_5512947145417652_252790628338859541_n.jpg]
[192.168.1.5/dspdjelfa/wp-content/uploads/2024/05/Capture-decran-2024-05-08-160650.jpg]
[192.168.1.5/dspdjelfa/wp-content/themes/astra/assets/js/minified/frontend.mina2c7.js]
[192.168.1.5/dspdjelfa/wp-content/plugins/essential-addons-for-elementor-lite/assets/front-end/js/view/general.mind4c9.js]
[192.168.1.5/dspdjelfa/wp-content/plugins/elementor/assets/js/webpack.runtime.min78fb.js]
[192.168.1.5/dspdjelfa/wp-content/plugins/elementor/assets/js/frontend-modules.min78fb.js]
[192.168.1.5/dspdjelfa/wp-content/plugins/elementor/assets/lib/waypoints/waypoints.min05da.js]
[192.168.1.5/dspdjelfa/wp-includes/js/jquery/ui/core.min3f14.js]
[192.168.1.5/dspdjelfa/wp-content/plugins/elementor/assets/js/frontend.min78fb.js]
[192.168.1.5/dspdjelfa/index.html]
[192.168.1.5/dspdjelfa/wp-content/themes/astra/assets/css/minified/main.min-rtla2c7.css]
[192.168.1.5/dspdjelfa/wp-content/themes/astra/assets/css/minified/menu-animation.mina2c7.css]
[192.168.1.5/dspdjelfa/wp-content/plugins/table-addons-for-elementor/public/css/table-addons-for-elementor-public2fca.css]
[192.168.1.5/dspdjelfa/wp-content/plugins/elementor/assets/css/frontend-lite-rtl.min78fb.css]
[192.168.1.5/dspdjelfa/wp-content/plugins/elementor/assets/lib/swiper/v8/css/swiper.min94a4.css]
[192.168.1.5/dspdjelfa/wp-content/uploads/elementor/css/post-5081cd.css]
[192.168.1.5/dspdjelfa/wp-content/uploads/elementor/css/global871b.css]
[192.168.1.5/dspdjelfa/wp-content/uploads/elementor/css/post-4542ed9.css]
[192.168.1.5/dspdjelfa/wp-content/plugins/essential-addons-for-elementor-lite/assets/front-end/css/view/general.mind4c9.css]
[192.168.1.5/dspdjelfa/wp-json/wp/v2/pages/124.json]
[192.168.1.5/dspdjelfa/wp-json/oembed/1.0/embed3492.json]
[192.168.1.5/dspdjelfa/wp-json/oembed/1.0/embed0980]
[192.168.1.5/dspdjelfa/wp-content/uploads/2024/05/Capture-decran-2024-05-08-103454.jpg]
[192.168.1.5/dspdjelfa/wp-content/uploads/2024/03/ORG.png]
[192.168.1.5/dspdjelfa/التعريف-بمديرية-الصحة-و-السكان-لولاية/index.html]
[192.168.1.5/dspdjelfa/wp-json/wp/v2/pages/159.json]
[192.168.1.5/dspdjelfa/wp-json/oembed/1.0/embedcd71.json]
[192.168.1.5/dspdjelfa/wp-json/oembed/1.0/embed4b7b]
[192.168.1.5/dspdjelfa/قوائم-المؤسسات/index.html]
[192.168.1.5/dspdjelfa/wp-json/wp/v2/pages/580.json]
[192.168.1.5/dspdjelfa/wp-json/oembed/1.0/embed76f9.json]
[192.168.1.5/dspdjelfa/wp-json/oembed/1.0/embedd34c]
[192.168.1.5/dspdjelfa/المؤسسات-العمومية-للصحة-الجوارية/index.html]
[192.168.1.5/dspdjelfa/wp-json/wp/v2/pages/195.json]
[192.168.1.5/dspdjelfa/wp-json/oembed/1.0/embed85bc.json]
[192.168.1.5/dspdjelfa/wp-json/oembed/1.0/embed2f4d]
[192.168.1.5/dspdjelfa/wp-content/uploads/2024/03/Capture-1.png]
[192.168.1.5/dspdjelfa/wp-content/uploads/2024/05/Capture-decran-2024-05-08-094004.jpg]
[192.168.1.5/dspdjelfa/wp-content/uploads/2024/03/Capture-2.png]
[192.168.1.5/dspdjelfa/التكوين-شبه-الطبي/index.html]
[192.168.1.5/dspdjelfa/wp-json/wp/v2/pages/197.json]
[192.168.1.5/dspdjelfa/wp-json/oembed/1.0/embed3022.json]
[192.168.1.5/dspdjelfa/wp-json/oembed/1.0/embedeaa3]
[192.168.1.5/dspdjelfa/جدول-الفحوصات-المتخصصة/index.html]
[192.168.1.5/dspdjelfa/wp-json/wp/v2/pages/165.json]
[192.168.1.5/dspdjelfa/wp-json/oembed/1.0/embed145e.json]
[192.168.1.5/dspdjelfa/wp-json/oembed/1.0/embed8773]
[192.168.1.5/dspdjelfa/wp-content/uploads/2024/03/Doctors-amico.png]
[192.168.1.5/dspdjelfa/wp-content/uploads/2024/03/Vaccine-rafiki.png]
[192.168.1.5/dspdjelfa/wp-content/uploads/2024/03/Forensic-medicine-pana.png]
[192.168.1.5/dspdjelfa/معلومات-حول-الأطباء/index.html]
[192.168.1.5/dspdjelfa/wp-json/wp/v2/pages/167.json]
[192.168.1.5/dspdjelfa/wp-json/oembed/1.0/embedcd20.json]
[192.168.1.5/dspdjelfa/wp-json/oembed/1.0/embed686a]
[192.168.1.5/dspdjelfa/العيادات-الخاصة/index.html]
[192.168.1.5/dspdjelfa/wp-json/wp/v2/pages/417.json]
[192.168.1.5/dspdjelfa/wp-json/oembed/1.0/embed9e15.json]
[192.168.1.5/dspdjelfa/wp-json/oembed/1.0/embed2365]
[192.168.1.5/dspdjelfa/wp-content/uploads/2024/03/Ambulance-amico.png]
[192.168.1.5/dspdjelfa/مؤسسات-النقل-الصحي-الخاصة/index.html]
[192.168.1.5/dspdjelfa/wp-json/wp/v2/pages/199.json]
[192.168.1.5/dspdjelfa/wp-json/oembed/1.0/embed02c7.json]
[192.168.1.5/dspdjelfa/wp-json/oembed/1.0/embed8c05]
[192.168.1.5/dspdjelfa/جدول-مناوبة-الصيادلة/index.html]
[192.168.1.5/dspdjelfa/wp-json/wp/v2/pages/201.json]
[192.168.1.5/dspdjelfa/wp-json/oembed/1.0/embed72ac.json]
[192.168.1.5/dspdjelfa/wp-json/oembed/1.0/embed2d52]
[192.168.1.5/dspdjelfa/وثائق-مهمة/index.html]
[192.168.1.5/dspdjelfa/wp-json/wp/v2/pages/203.json]
[192.168.1.5/dspdjelfa/wp-json/oembed/1.0/embed810b.json]
[192.168.1.5/dspdjelfa/wp-json/oembed/1.0/embedd8a6]
[192.168.1.5/dspdjelfa/wp-content/uploads/2024/03/Fighting-against-Coronavirus-amico-2.png]
[192.168.1.5/dspdjelfa/wp-content/uploads/2024/03/blood-research-pana.png]
[192.168.1.5/dspdjelfa/إرشادات-وقائية/index.html]
[192.168.1.5/dspdjelfa/wp-json/wp/v2/pages/205.json]
[192.168.1.5/dspdjelfa/wp-json/oembed/1.0/embed86f5.json]
[192.168.1.5/dspdjelfa/wp-json/oembed/1.0/embed275c]
[192.168.1.5/dspdjelfa/wp-content/uploads/2024/03/Capture.png]
[192.168.1.5/dspdjelfa/رزنامة-التلقيح/index.html]
[192.168.1.5/dspdjelfa/wp-json/wp/v2/pages/351.json]
[192.168.1.5/dspdjelfa/wp-json/oembed/1.0/embed169c.json]
[192.168.1.5/dspdjelfa/wp-json/oembed/1.0/embedde2d]
[www.gstatic.com/firebasejs/8.3.1/firebase-app.js]
[www.gstatic.com/firebasejs/8.3.1/firebase-database.js]
[192.168.1.5/dspdjelfa/اتصل-بنا/index.html]
[192.168.1.5/dspdjelfa/wp-content/uploads/elementor/css/post-1244724.css]
[192.168.1.5/dspdjelfa/indexd4a6.html]
[192.168.1.5/dspdjelfa/wp-content/uploads/elementor/css/post-159add9.css]
[192.168.1.5/dspdjelfa/indexb950.html]
[192.168.1.5/dspdjelfa/wp-content/uploads/elementor/css/post-58010c8.css]
[192.168.1.5/dspdjelfa/index5b8d.html]
[192.168.1.5/dspdjelfa/wp-content/uploads/elementor/css/post-1959b02.css]
[192.168.1.5/dspdjelfa/index78d6.html]
[192.168.1.5/dspdjelfa/wp-content/uploads/elementor/css/post-197ecd2.css]
[192.168.1.5/dspdjelfa/index85b3.html]
[192.168.1.5/dspdjelfa/wp-content/plugins/pdf-viewer-for-elementor/assets/pdfjs/build/pdf.js]
[192.168.1.5/dspdjelfa/wp-content/plugins/pdf-viewer-for-elementor/assets/pdfjs/web/viewer.js]
[192.168.1.5/dspdjelfa/wp-content/plugins/pdf-viewer-for-elementor/assets/pdfjs/web/viewer7101.html]
[192.168.1.5/dspdjelfa/wp-content/uploads/elementor/css/post-165f407.css]
[192.168.1.5/dspdjelfa/index17d5.html]
[192.168.1.5/dspdjelfa/wp-json/wp/v2/pages/398.json]
[192.168.1.5/dspdjelfa/wp-json/oembed/1.0/embed4f49.json]
[192.168.1.5/dspdjelfa/wp-json/oembed/1.0/embed318d]
[192.168.1.5/dspdjelfa/الأطباء-العامون/index.html]
[192.168.1.5/dspdjelfa/wp-json/wp/v2/pages/377.json]
[192.168.1.5/dspdjelfa/wp-json/oembed/1.0/embedb96d.json]
[192.168.1.5/dspdjelfa/wp-json/oembed/1.0/embede2ac]
[192.168.1.5/dspdjelfa/طب-عام/index.html]
[192.168.1.5/dspdjelfa/wp-json/wp/v2/pages/405.json]
[192.168.1.5/dspdjelfa/wp-json/oembed/1.0/embedc9ed.json]
[192.168.1.5/dspdjelfa/wp-json/oembed/1.0/embedc1bf]
[192.168.1.5/dspdjelfa/العيادات-الطبية-المتخصصة/index.html]
[192.168.1.5/dspdjelfa/wp-content/plugins/elementor/assets/lib/animations/animations.min78fb.css]
[192.168.1.5/dspdjelfa/wp-content/uploads/elementor/css/post-16733a4.css]
[192.168.1.5/dspdjelfa/index3350.html]
[192.168.1.5/dspdjelfa/wp-content/uploads/elementor/css/post-4179a68.css]
[192.168.1.5/dspdjelfa/indexb8c6.html]
[192.168.1.5/dspdjelfa/wp-content/uploads/essential-addons-elementor/eael-1999aa9.css]
[192.168.1.5/dspdjelfa/wp-content/uploads/elementor/css/post-1998435.css]
[192.168.1.5/dspdjelfa/index5051.html]
[192.168.1.5/dspdjelfa/wp-content/plugins/pdf-viewer-for-elementor/assets/pdfjs/web/viewerd0cf.html]
[192.168.1.5/dspdjelfa/wp-content/uploads/essential-addons-elementor/eael-1999aa9.js]
[192.168.1.5/dspdjelfa/wp-content/uploads/elementor/css/post-20187e7.css]
[192.168.1.5/dspdjelfa/index5721.html]
[192.168.1.5/dspdjelfa/wp-content/plugins/pdf-viewer-for-elementor/assets/pdfjs/web/viewer9fc9.html]
[192.168.1.5/dspdjelfa/wp-content/uploads/elementor/css/post-203c6ad.css]
[192.168.1.5/dspdjelfa/indexc39e.html]
[192.168.1.5/dspdjelfa/wp-content/uploads/elementor/css/post-2052b5c.css]
[192.168.1.5/dspdjelfa/indexc140.html]
[192.168.1.5/dspdjelfa/wp-content/uploads/elementor/css/post-351336e.css]
[192.168.1.5/dspdjelfa/indexec81.html]
[192.168.1.5/dspdjelfa/wp-content/plugins/pdf-viewer-for-elementor/assets/pdfjs/web/images/shadow.png]
[192.168.1.5/dspdjelfa/wp-content/plugins/pdf-viewer-for-elementor/assets/pdfjs/web/images/loading-icon.gif]
[192.168.1.5/dspdjelfa/wp-content/plugins/pdf-viewer-for-elementor/assets/pdfjs/web/images/texture.png]
[192.168.1.5/dspdjelfa/wp-content/plugins/pdf-viewer-for-elementor/assets/pdfjs/web/images/loading-small.png]
[192.168.1.5/dspdjelfa/wp-content/plugins/pdf-viewer-for-elementor/assets/pdfjs/web/images/toolbarButton-menuArrows.png]
[192.168.1.5/dspdjelfa/wp-content/plugins/pdf-viewer-for-elementor/assets/pdfjs/web/images/toolbarButton-sidebarToggle.png]
[192.168.1.5/dspdjelfa/wp-content/plugins/pdf-viewer-for-elementor/assets/pdfjs/web/images/toolbarButton-sidebarToggle-rtl.png]
[192.168.1.5/dspdjelfa/wp-content/plugins/pdf-viewer-for-elementor/assets/pdfjs/web/images/toolbarButton-secondaryToolbarToggle.png]
[192.168.1.5/dspdjelfa/wp-content/plugins/pdf-viewer-for-elementor/assets/pdfjs/web/images/toolbarButton-secondaryToolbarToggle-rtl.png]
[192.168.1.5/dspdjelfa/wp-content/plugins/pdf-viewer-for-elementor/assets/pdfjs/web/images/findbarButton-previous.png]
[192.168.1.5/dspdjelfa/wp-content/plugins/pdf-viewer-for-elementor/assets/pdfjs/web/images/findbarButton-previous-rtl.png]
[192.168.1.5/dspdjelfa/wp-content/plugins/pdf-viewer-for-elementor/assets/pdfjs/web/images/findbarButton-next.png]
[192.168.1.5/dspdjelfa/wp-content/plugins/pdf-viewer-for-elementor/assets/pdfjs/web/images/findbarButton-next-rtl.png]
[192.168.1.5/dspdjelfa/wp-content/plugins/pdf-viewer-for-elementor/assets/pdfjs/web/images/toolbarButton-pageUp.png]
[192.168.1.5/dspdjelfa/wp-content/plugins/pdf-viewer-for-elementor/assets/pdfjs/web/images/toolbarButton-pageUp-rtl.png]
[192.168.1.5/dspdjelfa/wp-content/plugins/pdf-viewer-for-elementor/assets/pdfjs/web/images/toolbarButton-pageDown.png]
[192.168.1.5/dspdjelfa/wp-content/plugins/pdf-viewer-for-elementor/assets/pdfjs/web/images/toolbarButton-pageDown-rtl.png]
[192.168.1.5/dspdjelfa/wp-content/plugins/pdf-viewer-for-elementor/assets/pdfjs/web/images/toolbarButton-zoomOut.png]
[192.168.1.5/dspdjelfa/wp-content/plugins/pdf-viewer-for-elementor/assets/pdfjs/web/images/toolbarButton-zoomIn.png]
[192.168.1.5/dspdjelfa/wp-content/plugins/pdf-viewer-for-elementor/assets/pdfjs/web/images/toolbarButton-presentationMode.png]
[192.168.1.5/dspdjelfa/wp-content/plugins/pdf-viewer-for-elementor/assets/pdfjs/web/images/toolbarButton-print.png]
[192.168.1.5/dspdjelfa/wp-content/plugins/pdf-viewer-for-elementor/assets/pdfjs/web/images/toolbarButton-openFile.png]
[192.168.1.5/dspdjelfa/wp-content/plugins/pdf-viewer-for-elementor/assets/pdfjs/web/images/toolbarButton-download.png]
[192.168.1.5/dspdjelfa/wp-content/plugins/pdf-viewer-for-elementor/assets/pdfjs/web/images/toolbarButton-bookmark.png]
[192.168.1.5/dspdjelfa/wp-content/plugins/pdf-viewer-for-elementor/assets/pdfjs/web/images/toolbarButton-viewThumbnail.png]
[192.168.1.5/dspdjelfa/wp-content/plugins/pdf-viewer-for-elementor/assets/pdfjs/web/images/toolbarButton-viewOutline.png]
[192.168.1.5/dspdjelfa/wp-content/plugins/pdf-viewer-for-elementor/assets/pdfjs/web/images/toolbarButton-viewOutline-rtl.png]
[192.168.1.5/dspdjelfa/wp-content/plugins/pdf-viewer-for-elementor/assets/pdfjs/web/images/toolbarButton-viewAttachments.png]
[192.168.1.5/dspdjelfa/wp-content/plugins/pdf-viewer-for-elementor/assets/pdfjs/web/images/toolbarButton-search.png]
[192.168.1.5/dspdjelfa/wp-content/plugins/pdf-viewer-for-elementor/assets/pdfjs/web/images/secondaryToolbarButton-firstPage.png]
[192.168.1.5/dspdjelfa/wp-content/plugins/pdf-viewer-for-elementor/assets/pdfjs/web/images/secondaryToolbarButton-lastPage.png]
[192.168.1.5/dspdjelfa/wp-content/plugins/pdf-viewer-for-elementor/assets/pdfjs/web/images/secondaryToolbarButton-rotateCcw.png]
[192.168.1.5/dspdjelfa/wp-content/plugins/pdf-viewer-for-elementor/assets/pdfjs/web/images/secondaryToolbarButton-rotateCw.png]
[192.168.1.5/dspdjelfa/wp-content/plugins/pdf-viewer-for-elementor/assets/pdfjs/web/images/secondaryToolbarButton-selectTool.png]
[192.168.1.5/dspdjelfa/wp-content/plugins/pdf-viewer-for-elementor/assets/pdfjs/web/images/secondaryToolbarButton-handTool.png]
[192.168.1.5/dspdjelfa/wp-content/plugins/pdf-viewer-for-elementor/assets/pdfjs/web/images/secondaryToolbarButton-scrollVertical.png]
[192.168.1.5/dspdjelfa/wp-content/plugins/pdf-viewer-for-elementor/assets/pdfjs/web/images/secondaryToolbarButton-scrollHorizontal.png]
[192.168.1.5/dspdjelfa/wp-content/plugins/pdf-viewer-for-elementor/assets/pdfjs/web/images/secondaryToolbarButton-scrollWrapped.png]
[192.168.1.5/dspdjelfa/wp-content/plugins/pdf-viewer-for-elementor/assets/pdfjs/web/images/secondaryToolbarButton-spreadNone.png]
[192.168.1.5/dspdjelfa/wp-content/plugins/pdf-viewer-for-elementor/assets/pdfjs/web/images/secondaryToolbarButton-spreadOdd.png]
[192.168.1.5/dspdjelfa/wp-content/plugins/pdf-viewer-for-elementor/assets/pdfjs/web/images/secondaryToolbarButton-spreadEven.png]
[192.168.1.5/dspdjelfa/wp-content/plugins/pdf-viewer-for-elementor/assets/pdfjs/web/images/secondaryToolbarButton-documentProperties.png]
[192.168.1.5/dspdjelfa/wp-content/plugins/pdf-viewer-for-elementor/assets/pdfjs/web/images/treeitem-expanded.png]
[192.168.1.5/dspdjelfa/wp-content/plugins/pdf-viewer-for-elementor/assets/pdfjs/web/images/treeitem-collapsed.png]
[192.168.1.5/dspdjelfa/wp-content/plugins/pdf-viewer-for-elementor/assets/pdfjs/web/images/treeitem-collapsed-rtl.png]
[192.168.1.5/dspdjelfa/wp-content/plugins/pdf-viewer-for-elementor/assets/pdfjs/web/images/loading-small@2x.png]
[192.168.1.5/dspdjelfa/wp-content/plugins/pdf-viewer-for-elementor/assets/pdfjs/web/images/toolbarButton-menuArrows@2x.png]
[192.168.1.5/dspdjelfa/wp-content/plugins/pdf-viewer-for-elementor/assets/pdfjs/web/images/toolbarButton-sidebarToggle@2x.png]
[192.168.1.5/dspdjelfa/wp-content/plugins/pdf-viewer-for-elementor/assets/pdfjs/web/images/toolbarButton-sidebarToggle-rtl@2x.png]
[192.168.1.5/dspdjelfa/wp-content/plugins/pdf-viewer-for-elementor/assets/pdfjs/web/images/toolbarButton-secondaryToolbarToggle@2x.png]
[192.168.1.5/dspdjelfa/wp-content/plugins/pdf-viewer-for-elementor/assets/pdfjs/web/images/toolbarButton-secondaryToolbarToggle-rtl@2x.png]
[192.168.1.5/dspdjelfa/wp-content/plugins/pdf-viewer-for-elementor/assets/pdfjs/web/images/findbarButton-previous@2x.png]
[192.168.1.5/dspdjelfa/wp-content/plugins/pdf-viewer-for-elementor/assets/pdfjs/web/images/findbarButton-previous-rtl@2x.png]
[192.168.1.5/dspdjelfa/wp-content/plugins/pdf-viewer-for-elementor/assets/pdfjs/web/images/findbarButton-next@2x.png]
[192.168.1.5/dspdjelfa/wp-content/plugins/pdf-viewer-for-elementor/assets/pdfjs/web/images/findbarButton-next-rtl@2x.png]
[192.168.1.5/dspdjelfa/wp-content/plugins/pdf-viewer-for-elementor/assets/pdfjs/web/images/toolbarButton-pageUp@2x.png]
[192.168.1.5/dspdjelfa/wp-content/plugins/pdf-viewer-for-elementor/assets/pdfjs/web/images/toolbarButton-pageUp-rtl@2x.png]
[192.168.1.5/dspdjelfa/wp-content/plugins/pdf-viewer-for-elementor/assets/pdfjs/web/images/toolbarButton-pageDown@2x.png]
[192.168.1.5/dspdjelfa/wp-content/plugins/pdf-viewer-for-elementor/assets/pdfjs/web/images/toolbarButton-pageDown-rtl@2x.png]
[192.168.1.5/dspdjelfa/wp-content/plugins/pdf-viewer-for-elementor/assets/pdfjs/web/images/toolbarButton-zoomIn@2x.png]
[192.168.1.5/dspdjelfa/wp-content/plugins/pdf-viewer-for-elementor/assets/pdfjs/web/images/toolbarButton-zoomOut@2x.png]
[192.168.1.5/dspdjelfa/wp-content/plugins/pdf-viewer-for-elementor/assets/pdfjs/web/images/toolbarButton-presentationMode@2x.png]
[192.168.1.5/dspdjelfa/wp-content/plugins/pdf-viewer-for-elementor/assets/pdfjs/web/images/toolbarButton-print@2x.png]
[192.168.1.5/dspdjelfa/wp-content/plugins/pdf-viewer-for-elementor/assets/pdfjs/web/images/toolbarButton-openFile@2x.png]
[192.168.1.5/dspdjelfa/wp-content/plugins/pdf-viewer-for-elementor/assets/pdfjs/web/images/toolbarButton-download@2x.png]
[192.168.1.5/dspdjelfa/wp-content/plugins/pdf-viewer-for-elementor/assets/pdfjs/web/images/toolbarButton-bookmark@2x.png]
[192.168.1.5/dspdjelfa/wp-content/plugins/pdf-viewer-for-elementor/assets/pdfjs/web/images/toolbarButton-viewThumbnail@2x.png]
[192.168.1.5/dspdjelfa/wp-content/plugins/pdf-viewer-for-elementor/assets/pdfjs/web/images/toolbarButton-viewOutline@2x.png]
[192.168.1.5/dspdjelfa/wp-content/plugins/pdf-viewer-for-elementor/assets/pdfjs/web/images/toolbarButton-viewOutline-rtl@2x.png]
[192.168.1.5/dspdjelfa/wp-content/plugins/pdf-viewer-for-elementor/assets/pdfjs/web/images/toolbarButton-viewAttachments@2x.png]
[192.168.1.5/dspdjelfa/wp-content/plugins/pdf-viewer-for-elementor/assets/pdfjs/web/images/toolbarButton-search@2x.png]
[192.168.1.5/dspdjelfa/wp-content/plugins/pdf-viewer-for-elementor/assets/pdfjs/web/images/secondaryToolbarButton-firstPage@2x.png]
[192.168.1.5/dspdjelfa/wp-content/plugins/pdf-viewer-for-elementor/assets/pdfjs/web/images/secondaryToolbarButton-lastPage@2x.png]
[192.168.1.5/dspdjelfa/wp-content/plugins/pdf-viewer-for-elementor/assets/pdfjs/web/images/secondaryToolbarButton-rotateCcw@2x.png]
[192.168.1.5/dspdjelfa/wp-content/plugins/pdf-viewer-for-elementor/assets/pdfjs/web/images/secondaryToolbarButton-rotateCw@2x.png]
[192.168.1.5/dspdjelfa/wp-content/plugins/pdf-viewer-for-elementor/assets/pdfjs/web/images/secondaryToolbarButton-selectTool@2x.png]
[192.168.1.5/dspdjelfa/wp-content/plugins/pdf-viewer-for-elementor/assets/pdfjs/web/images/secondaryToolbarButton-handTool@2x.png]
[192.168.1.5/dspdjelfa/wp-content/plugins/pdf-viewer-for-elementor/assets/pdfjs/web/images/secondaryToolbarButton-scrollVertical@2x.png]
[192.168.1.5/dspdjelfa/wp-content/plugins/pdf-viewer-for-elementor/assets/pdfjs/web/images/secondaryToolbarButton-scrollHorizontal@2x.png]
[192.168.1.5/dspdjelfa/wp-content/plugins/pdf-viewer-for-elementor/assets/pdfjs/web/images/secondaryToolbarButton-scrollWrapped@2x.png]
[192.168.1.5/dspdjelfa/wp-content/plugins/pdf-viewer-for-elementor/assets/pdfjs/web/images/secondaryToolbarButton-spreadNone@2x.png]
[192.168.1.5/dspdjelfa/wp-content/plugins/pdf-viewer-for-elementor/assets/pdfjs/web/images/secondaryToolbarButton-spreadOdd@2x.png]
[192.168.1.5/dspdjelfa/wp-content/plugins/pdf-viewer-for-elementor/assets/pdfjs/web/images/secondaryToolbarButton-spreadEven@2x.png]
[192.168.1.5/dspdjelfa/wp-content/plugins/pdf-viewer-for-elementor/assets/pdfjs/web/images/secondaryToolbarButton-documentProperties@2x.png]
[192.168.1.5/dspdjelfa/wp-content/plugins/pdf-viewer-for-elementor/assets/pdfjs/web/images/treeitem-expanded@2x.png]
[192.168.1.5/dspdjelfa/wp-content/plugins/pdf-viewer-for-elementor/assets/pdfjs/web/images/treeitem-collapsed@2x.png]
[192.168.1.5/dspdjelfa/wp-content/plugins/pdf-viewer-for-elementor/assets/pdfjs/web/images/treeitem-collapsed-rtl@2x.png]
[192.168.1.5/dspdjelfa/wp-content/plugins/pdf-viewer-for-elementor/assets/pdfjs/web/viewer.css]
[192.168.1.5/dspdjelfa/wp-content/plugins/pdf-viewer-for-elementor/assets/pdfjs/web/locale/locale.html]
[192.168.1.5/dspdjelfa/wp-content/uploads/elementor/css/post-398212f.css]
[192.168.1.5/dspdjelfa/index9d24.html]
[192.168.1.5/dspdjelfa/wp-content/uploads/elementor/css/post-37720ab.css]
[192.168.1.5/dspdjelfa/indexa7ab.html]
[192.168.1.5/dspdjelfa/wp-content/uploads/elementor/css/post-405ac36.css]
[192.168.1.5/dspdjelfa/index4efb.html]
[192.168.1.5/dspdjelfa/wp-content/plugins/pdf-viewer-for-elementor/assets/pdfjs/web/images/grab.html]
[192.168.1.5/dspdjelfa/wp-content/plugins/pdf-viewer-for-elementor/assets/pdfjs/web/images/grabbing.html]
